%!Adobe-FontList 1.19
%Locale:0x410

%BeginFont
Handler:DirectoryHandler
FontType:TrueType
FontName:Dosis-Bold
FamilyName:Dosis
StyleName:Bold
FullName:Dosis Bold
MenuName:Dosis
StyleBits:2
WritingScript:Roman
OutlineFileName:C:\Users\Simona\Desktop\Simona PDF The Big Eye\Document fonts\Dosis-Bold.ttf
DataFormat:sfntData
hasSVG:no
VariableFontType:NonVariableFont
FileLength:65796
FileModTime:1558517699
WeightClass:700
WidthClass:5
AngleClass:0
NameArray:0,Win,1,Dosis
%EndFont

%BeginFont
Handler:DirectoryHandler
FontType:TrueType
FontName:Dosis-ExtraBold
FamilyName:Dosis
StyleName:ExtraBold
FullName:Dosis ExtraBold
MenuName:Dosis
StyleBits:0
WritingScript:Roman
OutlineFileName:C:\Users\Simona\Desktop\Simona PDF The Big Eye\Document fonts\Dosis-ExtraBold.ttf
DataFormat:sfntData
hasSVG:no
VariableFontType:NonVariableFont
FileLength:66004
FileModTime:1558517699
WeightClass:800
WidthClass:5
AngleClass:0
NameArray:0,Win,1,Dosis
%EndFont

%BeginFont
Handler:DirectoryHandler
FontType:TrueType
FontName:Dosis-Regular
FamilyName:Dosis
StyleName:Regular
FullName:Dosis Regular
MenuName:Dosis
StyleBits:0
WritingScript:Roman
OutlineFileName:C:\Users\Simona\Desktop\Simona PDF The Big Eye\Document fonts\Dosis-Regular.ttf
DataFormat:sfntData
hasSVG:no
VariableFontType:NonVariableFont
FileLength:66892
FileModTime:1558517699
WeightClass:400
WidthClass:5
AngleClass:0
NameArray:0,Win,1,Dosis
%EndFont

%BeginFont
Handler:DirectoryHandler
FontType:TrueType
FontName:Dosis-SemiBold
FamilyName:Dosis
StyleName:SemiBold
FullName:Dosis SemiBold
MenuName:Dosis
StyleBits:0
WritingScript:Roman
OutlineFileName:C:\Users\Simona\Desktop\Simona PDF The Big Eye\Document fonts\Dosis-SemiBold.ttf
DataFormat:sfntData
hasSVG:no
VariableFontType:NonVariableFont
FileLength:66032
FileModTime:1558517699
WeightClass:600
WidthClass:5
AngleClass:0
NameArray:0,Win,1,Dosis
%EndFont

%BeginFont
Handler:DirectoryHandler
FontType:TrueType
FontName:PTMono-Regular
FamilyName:PT Mono
StyleName:Regular
FullName:PT Mono
MenuName:PT Mono
StyleBits:0
WritingScript:Roman
OutlineFileName:C:\Users\Simona\Desktop\Simona PDF The Big Eye\Document fonts\PTMono-Regular.ttf
DataFormat:sfntData
hasSVG:no
VariableFontType:NonVariableFont
FileLength:53172
FileModTime:1558517699
WeightClass:400
WidthClass:5
AngleClass:0
NameArray:0,Win,1,PT Mono
%EndFont

%BeginFont
Handler:DirectoryHandler
FontType:TrueType
FontName:PTSans-Regular
FamilyName:PT Sans
StyleName:Regular
FullName:PT Sans
MenuName:PT Sans
StyleBits:0
WritingScript:Roman
OutlineFileName:C:\Users\Simona\Desktop\Simona PDF The Big Eye\Document fonts\PTSans.ttc
TTCOffset:56
DataFormat:sfntData
hasSVG:no
VariableFontType:NonVariableFont
FileLength:2767520
FileModTime:1558517699
WeightClass:400
WidthClass:5
AngleClass:0
NameArray:0,Mac,18,PT Sans
NameArray:0,Mac,4,PT Sans
NameArray:0,Win,1,PT Sans
%EndFont

%BeginFont
Handler:DirectoryHandler
FontType:TrueType
FontName:PTSans-Italic
FamilyName:PT Sans
StyleName:Italic
FullName:PT Sans Italic
MenuName:PT Sans
StyleBits:1
WritingScript:Roman
OutlineFileName:C:\Users\Simona\Desktop\Simona PDF The Big Eye\Document fonts\PTSans.ttc
TTCOffset:388
DataFormat:sfntData
hasSVG:no
VariableFontType:NonVariableFont
FileLength:2767520
FileModTime:1558517699
WeightClass:400
WidthClass:5
AngleClass:1
NameArray:0,Mac,18,PT Sans Italic
NameArray:0,Mac,4,PT Sans Italic
NameArray:0,Win,1,PT Sans
%EndFont

%BeginFont
Handler:DirectoryHandler
FontType:TrueType
FontName:PTSans-NarrowBold
FamilyName:PT Sans Narrow
StyleName:Bold
FullName:PT Sans Narrow Bold
MenuName:PT Sans Narrow
StyleBits:2
WritingScript:Roman
OutlineFileName:C:\Users\Simona\Desktop\Simona PDF The Big Eye\Document fonts\PTSans.ttc
TTCOffset:720
DataFormat:sfntData
hasSVG:no
VariableFontType:NonVariableFont
FileLength:2767520
FileModTime:1558517699
WeightClass:700
WidthClass:3
AngleClass:0
NameArray:0,Mac,18,PT Sans Narrow Bold
NameArray:0,Mac,4,PT Sans Narrow Bold
NameArray:0,Win,1,PT Sans Narrow
%EndFont

%BeginFont
Handler:DirectoryHandler
FontType:TrueType
FontName:PTSans-Narrow
FamilyName:PT Sans Narrow
StyleName:Regular
FullName:PT Sans Narrow
MenuName:PT Sans Narrow
StyleBits:0
WritingScript:Roman
OutlineFileName:C:\Users\Simona\Desktop\Simona PDF The Big Eye\Document fonts\PTSans.ttc
TTCOffset:1052
DataFormat:sfntData
hasSVG:no
VariableFontType:NonVariableFont
FileLength:2767520
FileModTime:1558517699
WeightClass:400
WidthClass:3
AngleClass:0
NameArray:0,Mac,18,PT Sans Narrow
NameArray:0,Mac,4,PT Sans Narrow
NameArray:0,Win,1,PT Sans Narrow
%EndFont

%BeginFont
Handler:DirectoryHandler
FontType:TrueType
FontName:PTSans-CaptionBold
FamilyName:PT Sans Caption
StyleName:Bold
FullName:PT Sans Caption Bold
MenuName:PT Sans Caption
StyleBits:2
WritingScript:Roman
OutlineFileName:C:\Users\Simona\Desktop\Simona PDF The Big Eye\Document fonts\PTSans.ttc
TTCOffset:1384
DataFormat:sfntData
hasSVG:no
VariableFontType:NonVariableFont
FileLength:2767520
FileModTime:1558517699
WeightClass:700
WidthClass:5
AngleClass:0
NameArray:0,Mac,18,PT Sans Caption Bold
NameArray:0,Mac,4,PT Sans Caption Bold
NameArray:0,Win,1,PT Sans Caption
%EndFont

%BeginFont
Handler:DirectoryHandler
FontType:TrueType
FontName:PTSans-Caption
FamilyName:PT Sans Caption
StyleName:Regular
FullName:PT Sans Caption
MenuName:PT Sans Caption
StyleBits:0
WritingScript:Roman
OutlineFileName:C:\Users\Simona\Desktop\Simona PDF The Big Eye\Document fonts\PTSans.ttc
TTCOffset:1716
DataFormat:sfntData
hasSVG:no
VariableFontType:NonVariableFont
FileLength:2767520
FileModTime:1558517699
WeightClass:400
WidthClass:5
AngleClass:0
NameArray:0,Mac,18,PT Sans Caption
NameArray:0,Mac,4,PT Sans Caption
NameArray:0,Win,1,PT Sans Caption
%EndFont

%BeginFont
Handler:DirectoryHandler
FontType:TrueType
FontName:PTSans-BoldItalic
FamilyName:PT Sans
StyleName:Bold Italic
FullName:PT Sans Bold Italic
MenuName:PT Sans
StyleBits:3
WritingScript:Roman
OutlineFileName:C:\Users\Simona\Desktop\Simona PDF The Big Eye\Document fonts\PTSans.ttc
TTCOffset:2048
DataFormat:sfntData
hasSVG:no
VariableFontType:NonVariableFont
FileLength:2767520
FileModTime:1558517699
WeightClass:700
WidthClass:5
AngleClass:1
NameArray:0,Mac,18,PT Sans Bold Italic
NameArray:0,Mac,4,PT Sans Bold Italic
NameArray:0,Win,1,PT Sans
%EndFont

%BeginFont
Handler:DirectoryHandler
FontType:TrueType
FontName:PTSans-Bold
FamilyName:PT Sans
StyleName:Bold
FullName:PT Sans Bold
MenuName:PT Sans
StyleBits:2
WritingScript:Roman
OutlineFileName:C:\Users\Simona\Desktop\Simona PDF The Big Eye\Document fonts\PTSans.ttc
TTCOffset:2380
DataFormat:sfntData
hasSVG:no
VariableFontType:NonVariableFont
FileLength:2767520
FileModTime:1558517699
WeightClass:700
WidthClass:5
AngleClass:0
NameArray:0,Mac,18,PT Sans Bold
NameArray:0,Mac,4,PT Sans Bold
NameArray:0,Win,1,PT Sans
%EndFont

%BeginFont
Handler:DirectoryHandler
FontType:TrueType
FontName:PTSerif-Bold
FamilyName:PT Serif
StyleName:Bold
FullName:PT Serif Bold
MenuName:PT Serif
StyleBits:2
WritingScript:Roman
OutlineFileName:C:\Users\Simona\Desktop\Simona PDF The Big Eye\Document fonts\PTSerif-Bold.ttf
DataFormat:sfntData
hasSVG:no
VariableFontType:NonVariableFont
FileLength:77636
FileModTime:1558517699
WeightClass:700
WidthClass:5
AngleClass:0
NameArray:0,Win,1,PT Serif
%EndFont

%BeginFont
Handler:DirectoryHandler
FontType:TrueType
FontName:PTSerif-Regular
FamilyName:PT Serif
StyleName:Regular
FullName:PT Serif
MenuName:PT Serif
StyleBits:0
WritingScript:Roman
OutlineFileName:C:\Users\Simona\Desktop\Simona PDF The Big Eye\Document fonts\PTSerif-Regular.ttf
DataFormat:sfntData
hasSVG:no
VariableFontType:NonVariableFont
FileLength:84044
FileModTime:1558517699
WeightClass:400
WidthClass:5
AngleClass:0
NameArray:0,Win,1,PT Serif
%EndFont

%BeginFont
Handler:DirectoryHandler
FontType:TrueType
FontName:PTSerif-BoldItalic
FamilyName:PT Serif
StyleName:Bold Italic
FullName:PT Serif Bold Italic
MenuName:PT Serif
StyleBits:3
WritingScript:Roman
OutlineFileName:C:\Users\Simona\Desktop\Simona PDF The Big Eye\Document fonts\PT_Serif-Web-BoldItalic.ttf
DataFormat:sfntData
hasSVG:no
VariableFontType:NonVariableFont
FileLength:337580
FileModTime:1485518652
WeightClass:700
WidthClass:5
AngleClass:1
NameArray:0,Mac,18,PT Serif Bold Italic
NameArray:0,Mac,4,PT Serif Bold Italic
NameArray:0,Win,1,PT Serif
%EndFont

